../Core/Src/LoRa.c:27:6:newLoRa	72	static
../Core/Src/LoRa.c:57:6:newLoRaLongRange	72	static
../Core/Src/LoRa.c:86:6:newLoRaLongRangeBoost	72	static
../Core/Src/LoRa.c:109:6:LoRa_reset	16	static
../Core/Src/LoRa.c:127:6:LoRa_gotoMode	32	static
../Core/Src/LoRa.c:171:6:LoRa_readReg	32	static
../Core/Src/LoRa.c:197:6:LoRa_writeReg	32	static
../Core/Src/LoRa.c:219:6:LoRa_setLowDataRateOptimization	32	static
../Core/Src/LoRa.c:244:6:LoRa_setAutoLDO	104	static
../Core/Src/LoRa.c:261:6:LoRa_setFrequency	32	static
../Core/Src/LoRa.c:293:6:LoRa_setSpreadingFactor	32	static
../Core/Src/LoRa.c:323:6:LoRa_setPower	16	static
../Core/Src/LoRa.c:348:6:LoRa_setOCP	24	static
../Core/Src/LoRa.c:376:6:LoRa_setTOMsb_setCRCon	32	static
../Core/Src/LoRa.c:396:6:LoRa_setSyncWord	16	static
../Core/Src/LoRa.c:412:9:LoRa_read	40	static
../Core/Src/LoRa.c:435:6:LoRa_write	32	static
../Core/Src/LoRa.c:457:6:LoRa_BurstWrite	40	static
../Core/Src/LoRa.c:485:9:LoRa_isvalid	16	static
../Core/Src/LoRa.c:502:9:LoRa_transmit	40	static
../Core/Src/LoRa.c:539:6:LoRa_startReceiving	16	static
../Core/Src/LoRa.c:555:9:LoRa_receive	56	static
../Core/Src/LoRa.c:586:6:LoRa_spi_enable	16	static
../Core/Src/LoRa.c:602:5:LoRa_getRSSI	32	static
../Core/Src/LoRa.c:618:10:LoRa_init	40	static
